apiVersion: v1
kind: Namespace
metadata:
  labels:
    env: dev
  name: dev-env
  namespace: dev-env
---
apiVersion: apps/v1
kind: Deployment
metadata:
  labels:
    app: hello
    env: dev
  name: hello-dep
  namespace: dev-env
spec:
  template:
    spec:
      containers:
      - image: helloworld:v1
        name: hello
      - image: foobar:1.1.0
        name: sidecar
---
apiVersion: v1
kind: Service
metadata:
  labels:
    env: dev
  name: hello-svc
  namespace: dev-env
spec:
  selector:
    app: hello
