apiVersion: apps/v1
kind: Deployment
metadata:
  name: helloworld-dep
spec:
  template:
    labels:
      app: hello
      spec:
        containers:
        - image: weaveworks/helloworld:v1
          name: hello
---
apiVersion: v1
kind: Service
metadata:
  name: helloworld-svc
spec:
  selector:
    app: hello
