apiVersion: apps/v1
kind: Deployment
metadata:
  name: hello
  namespace: default
spec:
  replicas: 1
  selector:
    matchLabels:
      app: hello
  template:
    metadata:
      labels:
        app: hello
    spec:
      containers:
      - image: quay.io/weaveworks/helloworld
        name: world
        port: 8080
